Ô£ö scanSkills reads frontmatter from a temp skill root (59.3978ms)
Ô£ö writeSkillIndex and loadInstalledSkills round-trip (93.5713ms)
Ô£ö writeCatalog and loadCatalog round-trip (162.3221ms)
Ô£ö loadInstalledSkills reports unavailable without an index (13.2326ms)
Ô£ö parses simple key value frontmatter (1.938ms)
Ô£ö parses block scalar descriptions (0.6489ms)
Ô£ö parses folded scalar descriptions (0.4003ms)
Ô£ö returns empty on missing frontmatter (1.4549ms)
Ô£ö parses frontmatter despite a leading BOM (0.4458ms)
Ô£ö classifies a design prompt as design-ui with a roadmap (300.2988ms)
Ô£ö classifies a supabase prompt and requires supabase skills (133.7821ms)
Ô£ö classification is deterministic (5.4416ms)
Ô£ö classifies a refactor prompt as code (1.1072ms)
Ô£ö falls back to general and injects the general roadmap skill (1.0518ms)
Ô£ö ignores accents when matching (1.0472ms)
Ô£ö negative keywords can suppress a category (1.4046ms)
Ô£ö classifies the relevant MCP providers (1.0866ms)
Ô£ö reports a confidence margin and matched negatives (1.1809ms)
Ô£ö exposes skill invocations with their roadmap step (1.4218ms)
Ô£ö a clear prompt separates the top category from the next (0.9759ms)
Ô£ö NOVAHIZ_GATE=off disables the gate (362.455ms)
Ô£ö gate errors without a file or stdin (254.6813ms)
Ô£ö roadmap command returns the category roadmap (213.5917ms)
Ô£ö does not gate a tool that is not in gate.tools (215.2564ms)
Ô£ö gate surfaces required skills that are absent from the installed index (228.628ms)
Ô£ö classify output carries a primary and a roadmap (310.3262ms)
Ô£ö catalog rejects a non-numeric limit (196.0887ms)
Ô£ö an unknown command exits non-zero with a single clean line (192.7497ms)
Ô£ö a missing install reports one clean line instead of a stack trace (189.795ms)
Ô£ö check reports the stored last sync (210.075ms)
Ô£ö providers command lists the bundled providers (194.6107ms)
Ô£ö providers --mcp-json returns mcp entries (199.6223ms)
Ô£ö deps command reports dependency status (1072.7965ms)
Ô£ö sync reports the scanned skill count (372.8843ms)
Ô£ö categories and rules return arrays (401.6138ms)
Ô£ö skills can be filtered by category (220.8911ms)
Ô£ö report renders JSON and markdown (442.7963ms)
Ô£ö clean reports a plan without deleting when not applied (196.7769ms)
Ô£ö clean refuses to delete on a non interactive stdin without --apply (223.2703ms)
Ô£ö clean --apply removes only the rows older than the cutoff (238.7635ms)
Ô£ö a numeric flag out of range is rejected instead of falling back (800.6415ms)
Ô£ö doctor reports its checks and a blocking verdict (413.8751ms)
´╣ú tokens reports savings in JSON and text (0.2186ms) # tokens command not yet implemented
Ô£ö session-load and session-state round-trip (431.7121ms)
Ô£ö detects prose in comments and strings (22.4571ms)
Ô£ö detects style in css and jsx (1.0269ms)
Ô£ö extracts change text from several tool payloads (0.6315ms)
Ô£ö treats whitespace-only changes as trivial (0.4329ms)
Ô£ö reads new_string inside MultiEdit edits (0.339ms)
Ô£ö does not treat a type annotation as style (0.5933ms)
Ô£ö detects class selectors but not object literals (0.2607ms)
Ô£ö does not treat method chains as style (0.2397ms)
Ô£ö detects placeholder markers in code (1.0275ms)
Ô£ö does not treat ordinary comments as placeholders (0.915ms)
Ô£ö openDb records the schema version and the log indexes (87.9653ms)
Ô£ö openDb backfills the task review columns on an older database (33.4229ms)
Ô£ö openDb keeps existing rows when it backfills columns (71.0918ms)
Ô£ö detects an installed command (288.9908ms)
Ô£ö detects a missing command (210.0664ms)
Ô£ö checks dependencies for every provider (899.4495ms)
Ô£ö provides a bootstrap command per platform (0.3855ms)
Ô£ö missingPrerequisites returns only unmet requirements (784.6429ms)
Ô£ö grantsQuestionIn reads the agent permission block (1.827ms)
Ô£ö grantsQuestionIn is not fooled by a comment about the setting (0.3573ms)
Ô£ö unsafeToken accepts tokens with no shell metacharacters (1.934ms)
Ô£ö unsafeToken flags every shell metacharacter (0.2891ms)
Ô£ö unsafeToken returns the first offending token (0.1695ms)
Ô£ö runCommand refuses an unsafe argument without spawning (0.5826ms)
Ô£ö runScript refuses an unsafe binary and an empty argv (0.4267ms)
Ô£ö runCommand runs a safe command (336.0473ms)
Ô£ö runScript runs a safe bootstrap argv (127.669ms)
Ô£ö no source file spawns a process with shell: true (5.3943ms)
Ô£ö fileClass maps the six classes and dotfiles (7.3445ms)
Ô£ö globToRegExp matches writable paths (0.8251ms)
Ô£ö contentSatisfies handles prose, style, regex and the length guard (0.7912ms)
Ô£ö evaluateGate respects minChange, contentExcludes and match:all (3.4886ms)
Ô£ö maps extensions to file classes (3.1238ms)
Ô£ö classifies dotfiles instead of dropping them to other (0.3987ms)
Ô£ö globs match nested paths (0.5608ms)
Ô£ö requires humanizer for a markdown edit (1.826ms)
Ô£ö does not require humanizer for pure logic code (1.8867ms)
Ô£ö requires humanizer for code containing prose (0.8494ms)
Ô£ö requires impeccable for a style file (0.4231ms)
Ô£ö requires impeccable for a styled component only with style content (1.2716ms)
Ô£ö requires impeccable for a design prompt on a UI target (0.6756ms)
Ô£ö ignores generated and lock files (1.4154ms)
Ô£ö requires supabase skills for a migration path (0.4252ms)
Ô£ö does not force supabase for a plain sql file (0.3153ms)
Ô£ö applies the primary roadmap skill steps (0.2742ms)
Ô£ö reports required skills that are not installed separately (0.4883ms)
Ô£ö fails closed when the installed index is unavailable (0.3146ms)
Ô£ö does not block a valid empty index (0.2736ms)
Ô£ö blocks a placeholder marker in code content (0.3131ms)
Ô£ö does not flag clean code as a placeholder (0.2726ms)
Ô£ö explains each missing skill in reasons (0.2448ms)
Ô£ö underHome keeps only paths inside the home directory (1.8202ms)
Ô£ö withinDir scopes an uninstall to one harness (0.7026ms)
Ô£ö parses flags with equals and space forms (1.7453ms)
Ô£ö node version check accepts current runtime (0.538ms)
Ô£ö copyInto reports newly created files only (30.7132ms)
Ô£ö mergeCreated deduplicates and drops missing paths (2.7493ms)
Ô£ö skillNamesIn lists only directories that hold a SKILL.md (10.949ms)
Ô£ö creates a task and finds it as active (5.5064ms)
Ô£ö adds todos with sequence numbers and defaults (7.1836ms)
Ô£ö refuses to add todos to an unknown task (1.0853ms)
Ô£ö starts a todo, counts iterations, honors dependencies (9.0963ms)
Ô£ö enforces the iteration budget (3.9921ms)
Ô£ö requires proof for verify steps (5.1692ms)
Ô£ö completes the task when every todo is done (6.9474ms)
Ô£ö blocks a todo with a reason (4.5218ms)
Ô£ö resume prefers the in-progress todo then the next pending (6.236ms)
Ô£ö ownedBy matches glob owners and blank owners own everything (5.1707ms)
Ô£ö traceCheck requires an in-progress todo that owns the file (5.5787ms)
Ô£ö builds work packets with files and budget (4.4162ms)
Ô£ö summarizes the ledger (7.0542ms)
Ô£ö amends a todo in place (4.3999ms)
Ô£ö inserts a todo at a position (9.7721ms)
Ô£ö drops a todo without blocking task completion (7.0586ms)
Ô£ö reopens a completed task when work is added to it (7.4307ms)
Ô£ö reorders todos and rejects a partial list (8.0723ms)
Ô£ö flags a plan review when the edit cadence is exceeded (4.5412ms)
Ô£ö counts finished todos toward the review cadence (2.8536ms)
Ô£ö applies a review diff and resets the cadence (8.187ms)
Ô£ö surfaces revision signals (4.0319ms)
Ô£ö negotiates an unknown protocol version to a supported one (231.7ms)
Ô£ö honors a supported protocol version (207.9526ms)
Ô£ö lists tools and runs classify (335.0269ms)
Ô£ö reports dependency status (1014.0949ms)
Ô£ö lists providers for a category (197.5812ms)
Ô£ö returns a roadmap by category (193.2282ms)
Ô£ö ranks catalog skills by relevance (201.307ms)
Ô£ö reports a parse error for invalid json (195.8937ms)
Ô£ö ignores notifications and reports unknown methods (194.2384ms)
Ô£ö list_skills reports index availability (198.6962ms)
Ô£ö drives the execution ledger over MCP (228.115ms)
Ô£ö dispatches the active task into work packets (220.2383ms)
Ô£ö runs the gate over MCP (192.6426ms)
Ô£ö records a roadmap step over MCP (203.6629ms)
Ô£ö resolves a roadmap from a query over MCP (309.2046ms)
Ô£ö lists providers from a query over MCP (320.0478ms)
Ô£ö lists skills for a category over MCP (214.146ms)
Ô£ö drives ledger plan amendments over MCP (278.2599ms)
Ô£ö the plugin exposes the enforcement hooks (1.8962ms)
Ô£ö config hook injects the novahiz MCP server (114.5739ms)
Ô£ö tool.execute.before lets non-gated tools through (0.6862ms)
Ô£ö tool.execute.before records a loaded skill without throwing (107.7575ms)
Ô£ö tool.execute.before surfaces an unavailable gate instead of failing open (112.5346ms)
Ô£ö chat.message with no text injects nothing (1.7899ms)
Ô£ö chat.message with a failed classify injects nothing but does not throw (92.0172ms)
Ô£ö event forgets a deleted session without throwing (0.2947ms)
Ô£ö confirm keeps the default on an empty answer (6.7518ms)
Ô£ö confirm reads an explicit yes (1.2301ms)
Ô£ö confirm reads an explicit no (1.13ms)
Ô£ö confirm accepts french oui (0.9204ms)
Ô£ö loads the bundled providers (2.905ms)
Ô£ö maps providers to categories across kinds (2.0971ms)
Ô£ö builds mcp entries only for mcp providers (0.5592ms)
Ô£ö exposes official install commands for every provider (0.5816ms)
Ô£ö disabled providers are filtered out (0.4394ms)
Ô£ö autoRegister false returns no entries (0.3392ms)
Ô£ö ranks the most relevant skill first (2.6382ms)
Ô£ö matches on tags and categories (0.5183ms)
Ô£ö is deterministic across calls (1.9226ms)
Ô£ö returns nothing for an empty query (0.3286ms)
Ô£ö respects the limit (0.5105ms)
Ô£ö bytes formats each unit and clamps below zero (2.0238ms)
Ô£ö width counts visible characters, not escape codes (1.4811ms)
Ô£ö style drops the escape codes when colour is off (0.5233ms)
Ô£ö style paints when colour is forced (2.127ms)
Ô£ö table indents every line, trims its ends, and aligns right (1.2996ms)
Ô£ö kv pads every label to the widest one (0.5595ms)
Ô£ö rule repeats a dash to the requested length (0.3317ms)
Ô£ö isTty reports a boolean (0.2345ms)
Ô£ö every category has a roadmap with at least one step (1.8973ms)
Ô£ö roadmap steps have a valid shape (1.0629ms)
Ô£ö design gating is not forced by the roadmap (0.4762ms)
Ô£ö mergeConfig fills missing blocks from defaults (3.7678ms)
Ô£ö mergeConfig keeps provided values and fills the rest (0.4205ms)
Ô£ö mergeConfig tolerates null (0.3704ms)
Ô£ö mergeConfig coerces invalid gate fields (0.3875ms)
Ô£ö mergeConfig validates classify and gate scalars (0.3619ms)
Ô£ö extracts filePath from edit and write args (2.4469ms)
Ô£ö extracts paths from a patch payload including Move to (0.6767ms)
Ô£ö tokenizer keeps quotes together and drops file descriptor digits (0.7773ms)
Ô£ö does not treat fd duplication or a following pipe as a target (1.0787ms)
Ô£ö detects shell redirections and tee (0.4605ms)
Ô£ö detects unix copy and move (0.5016ms)
Ô£ö detects powershell write cmdlets (0.7562ms)
Ô£ö detects powershell item cmdlets (0.39ms)
Ô£ö detects cmd builtins (0.3151ms)
Ô£ö detects touch, sed -i, and dd (0.5051ms)
Ô£ö does not flag read-only commands or package installs (0.4214ms)
Ô£ö does not treat a command word used as an argument as a write (0.2157ms)
Ô£ö detects rm and windows delete flags (0.145ms)
Ô£ö keeps numeric destinations (0.1501ms)
Ô£ö detects wrappers before the real command (0.1523ms)
Ô£ö looks through wrappers with arguments (0.3753ms)
Ô£ö does not consume the command on boolean wrapper flags (0.1427ms)
Ô£ö consumes values of value-taking wrapper flags (0.4967ms)
Ô£ö keeps unix absolute paths instead of treating them as windows flags (0.3169ms)
Ô£ö ignores device redirection targets (0.1197ms)
Ô£ö extractTargetPaths reads shell commands (0.1119ms)
Ôä╣ tests 202
Ôä╣ suites 0
Ôä╣ pass 201
Ôä╣ fail 0
Ôä╣ cancelled 0
Ôä╣ skipped 1
Ôä╣ todo 0
Ôä╣ duration_ms 8732.3701
